"","Score","Rank","external_gene_name"
"ENSBTAG00000047107",3.32245497139096,2,"TNIP3"
"ENSBTAG00000016683",2.81572360727277,4,"BIKBA"
"ENSBTAG00000019872",2.46910525342702,5,"PIK3AP1"
"ENSBTAG00000015271",1.16069046271049,9,"RIPK2"
"ENSBTAG00000006240",0.782063970616229,26,"TLR4"
"ENSBTAG00000016085",0.446627433410295,75,"IRAK1"
"ENSBTAG00000021377",0.422206513780022,80,"S100A14"
"ENSBTAG00000024340",NA,NA,NA
